
> sahidawa-india@1.0.0 test
> npm run test --workspaces --if-present


> sahidawa-api@1.0.0 test
> jest

node.exe : PASS tests/pharmacies.test.ts (5.977 s)
At C:\Program Files\nodejs\npm.ps1:29 char:3
+   & $NODE_EXE $NPM_CLI_JS $args
+   ~~~~~~~~~~~~~~~~~~~~~~~~~~~~~
    + CategoryInfo          : NotSpecified: (PASS tests/pharmacies.test.ts (5. 
   977 s):String) [], RemoteException
    + FullyQualifiedErrorId : NativeCommandError
 
  ΓùÅ Console

    console.log
      Γùç injected env (0) from ..\..\.env // tip: Γùê secrets for agents 
[www.dotenvx.com]

      at _log (../../node_modules/dotenv/lib/main.js:131:11)

    console.log
      2026-05-25 11:57:29 [33mwarn[39m: GET 
/api/pharmacies/nearest?lng=77.5946 400 - 5.391 ms

      at Console.log 
(../../node_modules/winston/lib/winston/transports/console.js:87:23)

    console.log
      2026-05-25 11:57:29 [33mwarn[39m: GET 
/api/pharmacies/nearest?lat=12.9716 400 - 1.202 ms

      at Console.log 
(../../node_modules/winston/lib/winston/transports/console.js:87:23)

    console.log
      2026-05-25 11:57:29 [33mwarn[39m: GET 
/api/pharmacies/nearest?lat=91&lng=181 400 - 0.824 ms

      at Console.log 
(../../node_modules/winston/lib/winston/transports/console.js:87:23)

    console.log
      2026-05-25 11:57:29 [33mwarn[39m: GET 
/api/pharmacies/nearest?lat=north&lng=east 400 - 0.741 ms

      at Console.log 
(../../node_modules/winston/lib/winston/transports/console.js:87:23)

    console.log
      2026-05-25 11:57:29 [33mwarn[39m: PostGIS RPC failed or unavailable, 
falling back to Haversine calculation

      at Console.log 
(../../node_modules/winston/lib/winston/transports/console.js:87:23)

    console.log
      2026-05-25 11:57:29 [32minfo[39m: GET 
/api/pharmacies/nearest?lat=12.9716&lng=77.5946&radius=10 200 - 8.771 ms

      at Console.log 
(../../node_modules/winston/lib/winston/transports/console.js:87:23)

PASS tests/alertsPagination.test.ts (5.992 s)
  ΓùÅ Console

    console.log
      Γùç injected env (0) from ..\..\.env // tip: Γîÿ override existing { 
override: true }

      at _log (../../node_modules/dotenv/lib/main.js:131:11)

    console.log
      2026-05-25 11:57:28 [32minfo[39m: Supabase client initialized with 
connection timeout and retry config

      at Console.log 
(../../node_modules/winston/lib/winston/transports/console.js:87:23)

    console.log
      2026-05-25 11:57:29 [32minfo[39m: GET /api/v1/alerts?page=1&limit=10 
200 - 8.195 ms

      at Console.log 
(../../node_modules/winston/lib/winston/transports/console.js:87:23)

    console.log
      2026-05-25 11:57:29 [32minfo[39m: GET /api/v1/alerts?page=2&limit=10 
200 - 5.267 ms

      at Console.log 
(../../node_modules/winston/lib/winston/transports/console.js:87:23)

    console.log
      2026-05-25 11:57:29 [32minfo[39m: GET /api/v1/alerts?page=4&limit=10 
200 - 0.744 ms

      at Console.log 
(../../node_modules/winston/lib/winston/transports/console.js:87:23)

    console.log
      2026-05-25 11:57:29 [32minfo[39m: GET /api/v1/alerts?page=99&limit=10 
200 - 0.433 ms

      at Console.log 
(../../node_modules/winston/lib/winston/transports/console.js:87:23)

    console.log
      2026-05-25 11:57:29 [32minfo[39m: GET /api/v1/alerts?page=1&limit=10 
200 - 0.547 ms

      at Console.log 
(../../node_modules/winston/lib/winston/transports/console.js:87:23)

    console.log
      2026-05-25 11:57:29 [32minfo[39m: GET /api/v1/alerts?page=1&limit=5 
200 - 0.556 ms

      at Console.log 
(../../node_modules/winston/lib/winston/transports/console.js:87:23)

    console.log
      2026-05-25 11:57:29 [32minfo[39m: GET /api/v1/alerts?page=1&limit=25 
200 - 0.623 ms

      at Console.log 
(../../node_modules/winston/lib/winston/transports/console.js:87:23)

    console.log
      2026-05-25 11:57:29 [32minfo[39m: GET /api/v1/alerts 200 - 0.493 ms

      at Console.log 
(../../node_modules/winston/lib/winston/transports/console.js:87:23)

    console.log
      2026-05-25 11:57:29 [32minfo[39m: GET /api/v1/alerts?page=abc&limit=10 
200 - 1.130 ms

      at Console.log 
(../../node_modules/winston/lib/winston/transports/console.js:87:23)

    console.log
      2026-05-25 11:57:29 [32minfo[39m: GET /api/v1/alerts?page=0&limit=10 
200 - 0.512 ms

      at Console.log 
(../../node_modules/winston/lib/winston/transports/console.js:87:23)

    console.log
      2026-05-25 11:57:29 [32minfo[39m: GET /api/v1/alerts?page=1&limit=999 
200 - 0.490 ms

      at Console.log 
(../../node_modules/winston/lib/winston/transports/console.js:87:23)

    console.log
      2026-05-25 11:57:29 [31merror[39m: GET /api/v1/alerts?page=1&limit=10 
500 - 0.563 ms

      at Console.log 
(../../node_modules/winston/lib/winston/transports/console.js:87:23)

PASS tests/verify.test.ts (5.978 s)
  ΓùÅ Console

    console.log
      Γùç injected env (0) from ..\..\.env // tip: Γîÿ multiple files { path: 
['.env.local', '.env'] }

      at _log (../../node_modules/dotenv/lib/main.js:131:11)

    console.log
      2026-05-25 11:57:28 [32minfo[39m: Supabase client initialized with 
connection timeout and retry config

      at Console.log 
(../../node_modules/winston/lib/winston/transports/console.js:87:23)

    console.log
      2026-05-25 11:57:29 [32minfo[39m: POST /api/verify 200 - 7.590 ms

      at Console.log 
(../../node_modules/winston/lib/winston/transports/console.js:87:23)

    console.log
      2026-05-25 11:57:29 [33mwarn[39m: POST /api/verify 404 - 0.888 ms

      at Console.log 
(../../node_modules/winston/lib/winston/transports/console.js:87:23)

    console.log
      2026-05-25 11:57:29 [33mwarn[39m: POST /api/verify 400 - 1.220 ms

      at Console.log 
(../../node_modules/winston/lib/winston/transports/console.js:87:23)

    console.log
      2026-05-25 11:57:29 [33mwarn[39m: POST /api/verify 400 - 0.520 ms

      at Console.log 
(../../node_modules/winston/lib/winston/transports/console.js:87:23)

A worker process has failed to exit gracefully and has been force exited. This 
is likely caused by tests leaking due to improper teardown. Try running with 
--detectOpenHandles to find leaks. Active timers can also cause this, ensure 
that .unref() was called on them.

Test Suites: 3 passed, 3 total
Tests:       20 passed, 20 total
Snapshots:   0 total
Time:        7.457 s
Ran all test suites.

> web@0.1.0 test
> jest --config jest.config.cjs

PASS tests/voice-streaming.test.ts
PASS tests/voice-transcribe-route.test.ts
PASS tests/compare-pricing.test.tsx
PASS tests/voice-accessibility.test.tsx
PASS tests/voice-helpers.test.ts
PASS tests/voice-audio-visualizer.test.tsx
PASS tests/chatbot-position.test.ts
PASS tests/medicineParser.test.ts
PASS tests/pharmacy-panels.test.tsx
PASS tests/chat-route.test.ts
PASS tests/pharmacy-map-layout.test.tsx
PASS tests/voice-emergency.test.ts
PASS tests/voice-page-accessibility.test.tsx
PASS tests/offline.test.ts (6.421 s)

Test Suites: 14 passed, 14 total
Tests:       98 passed, 98 total
Snapshots:   0 total
Time:        7.771 s
Ran all test suites.
